#ifndef _TEST38_H_
#define _TEST38_H_

#ifdef custom-debugging
#define 1_STR custom-debugging
#else
#define 1_STR "my debugging"
#endif

#include "debug.h"

#endif /* _TEST38_H_ */
int main()
{
	debug;
	return 0;
}
