#ifndef _1_H_
#define _1_H_

#ifndef 1_STR
#define 1_STR "debuging"
#endif

#if 1
#define debug fprintf(stderr, 1_STR "\n")
#else
#define debug
#endif

#endif /* _1_H_ */
int main()
{
	debug;
	return 0;
}
